1630640262785,310,09/03/2021 9:07 AM,data/value

1630640269546,411,09/03/2021 9:07 AM,data/value

1630640272687,191,09/03/2021 9:07 AM,data/value

1630640279887,413,09/03/2021 9:07 AM,data/value

1630640280809,389,09/03/2021 9:08 AM,data/value

1630640284392,165,09/03/2021 9:08 AM,data/value

1630640288807,433,09/03/2021 9:08 AM,data/value

1630640293221,274,09/03/2021 9:08 AM,data/value

1630640298230,331,09/03/2021 9:08 AM,data/value

1630640303248,329,09/03/2021 9:08 AM,data/value

1630640306097,313,09/03/2021 9:08 AM,data/value

1630640309184,209,09/03/2021 9:08 AM,data/value

1630640313590,407,09/03/2021 9:08 AM,data/value

1630640407868,302,09/03/2021 9:10 AM,data/value

1630640407874,368,09/03/2021 9:10 AM,data/value

1630640407880,252,09/03/2021 9:10 AM,data/value

1630640407880,194,09/03/2021 9:10 AM,data/value

1630640407880,209,09/03/2021 9:10 AM,data/value

1630640407880,434,09/03/2021 9:10 AM,data/value

1630640407880,265,09/03/2021 9:10 AM,data/value

1630640407880,453,09/03/2021 9:10 AM,data/value

1630640407880,121,09/03/2021 9:10 AM,data/value

1630640407880,120,09/03/2021 9:10 AM,data/value

1630640407880,322,09/03/2021 9:10 AM,data/value

1630640407880,275,09/03/2021 9:10 AM,data/value

1630640407880,424,09/03/2021 9:10 AM,data/value

1630640407880,202,09/03/2021 9:10 AM,data/value

1630640407880,372,09/03/2021 9:10 AM,data/value

1630640407881,348,09/03/2021 9:10 AM,data/value

1630640407881,199,09/03/2021 9:10 AM,data/value

1630640407881,428,09/03/2021 9:10 AM,data/value

1630640407898,286,09/03/2021 9:10 AM,data/value

1630640407899,458,09/03/2021 9:10 AM,data/value

1630640407899,56,09/03/2021 9:10 AM,data/value

1630640407950,78,09/03/2021 9:10 AM,data/value

1630640410954,361,09/03/2021 9:10 AM,data/value

1630640415492,251,09/03/2021 9:10 AM,data/value

1630640420510,463,09/03/2021 9:10 AM,data/value

1630640425521,223,09/03/2021 9:10 AM,data/value

1630640430551,224,09/03/2021 9:10 AM,data/value

1630640433430,185,09/03/2021 9:10 AM,data/value

1630640436477,315,09/03/2021 9:10 AM,data/value

1630640441368,263,09/03/2021 9:10 AM,data/value

1630640446517,470,09/03/2021 9:10 AM,data/value

1630640452448,121,09/03/2021 9:10 AM,data/value

1630640455940,483,09/03/2021 9:10 AM,data/value

1630640459068,423,09/03/2021 9:10 AM,data/value

1630640462184,167,09/03/2021 9:11 AM,data/value

1630640466403,442,09/03/2021 9:11 AM,data/value

1630640471610,283,09/03/2021 9:11 AM,data/value

1630640476627,419,09/03/2021 9:11 AM,data/value

1630640481538,123,09/03/2021 9:11 AM,data/value

1630640484464,117,09/03/2021 9:11 AM,data/value

1630640487580,339,09/03/2021 9:11 AM,data/value

1630640491986,265,09/03/2021 9:11 AM,data/value

1630640497639,439,09/03/2021 9:11 AM,data/value

1630640501877,210,09/03/2021 9:11 AM,data/value

1630640506934,307,09/03/2021 9:11 AM,data/value

1630640510623,306,09/03/2021 9:11 AM,data/value

1630640512884,307,09/03/2021 9:11 AM,data/value

1630640517867,249,09/03/2021 9:11 AM,data/value

1630640522399,462,09/03/2021 9:12 AM,data/value

1630640527407,215,09/03/2021 9:12 AM,data/value

1630640532434,29,09/03/2021 9:12 AM,data/value

1630640535647,77,09/03/2021 9:12 AM,data/value

1630640538681,350,09/03/2021 9:12 AM,data/value

1630640588039,294,09/03/2021 9:13 AM,data/value

1630640592861,361,09/03/2021 9:13 AM,data/value

1630640597856,249,09/03/2021 9:13 AM,data/value

1630640602794,443,09/03/2021 9:13 AM,data/value

1630640608104,196,09/03/2021 9:13 AM,data/value

1630640612787,362,09/03/2021 9:13 AM,data/value

1630640616092,338,09/03/2021 9:13 AM,data/value

1630640619268,215,09/03/2021 9:13 AM,data/value

1630640623362,402,09/03/2021 9:13 AM,data/value

1630640629007,396,09/03/2021 9:13 AM,data/value

1630640633295,104,09/03/2021 9:13 AM,data/value

1630640638521,484,09/03/2021 9:13 AM,data/value

1630640641282,425,09/03/2021 9:14 AM,data/value

1630640644356,201,09/03/2021 9:14 AM,data/value

1630640648859,374,09/03/2021 9:14 AM,data/value

1630640653774,486,09/03/2021 9:14 AM,data/value

1630640659309,187,09/03/2021 9:14 AM,data/value

1630640663810,127,09/03/2021 9:14 AM,data/value

1630640666799,166,09/03/2021 9:14 AM,data/value

1630640669851,359,09/03/2021 9:14 AM,data/value

1630640674470,331,09/03/2021 9:14 AM,data/value

1630640679376,289,09/03/2021 9:14 AM,data/value

1630643691979,366,09/03/2021 10:04 AM,data/value

1630643692009,493,09/03/2021 10:04 AM,data/value

1630643692009,428,09/03/2021 10:04 AM,data/value

1630643692009,225,09/03/2021 10:04 AM,data/value

1630643692009,261,09/03/2021 10:04 AM,data/value

1630643692009,334,09/03/2021 10:04 AM,data/value

1630643692009,402,09/03/2021 10:04 AM,data/value

1630643692009,495,09/03/2021 10:04 AM,data/value

1630643692009,428,09/03/2021 10:04 AM,data/value

1630643692010,270,09/03/2021 10:04 AM,data/value

1630643692010,279,09/03/2021 10:04 AM,data/value

1630643692010,280,09/03/2021 10:04 AM,data/value

1630643692010,364,09/03/2021 10:04 AM,data/value

1630643692010,461,09/03/2021 10:04 AM,data/value

1630643692010,405,09/03/2021 10:04 AM,data/value

1630643692010,317,09/03/2021 10:04 AM,data/value

1630643692010,278,09/03/2021 10:04 AM,data/value

1630643692010,300,09/03/2021 10:04 AM,data/value

1630643692010,398,09/03/2021 10:04 AM,data/value

1630643692010,488,09/03/2021 10:04 AM,data/value

1630643692010,426,09/03/2021 10:04 AM,data/value

1630643692010,367,09/03/2021 10:04 AM,data/value

1630643692010,387,09/03/2021 10:04 AM,data/value

1630643692010,333,09/03/2021 10:04 AM,data/value

1630643692010,188,09/03/2021 10:04 AM,data/value

1630643692010,72,09/03/2021 10:04 AM,data/value

1630643692010,101,09/03/2021 10:04 AM,data/value

1630643692011,166,09/03/2021 10:04 AM,data/value

1630643692011,363,09/03/2021 10:04 AM,data/value

1630643692011,454,09/03/2021 10:04 AM,data/value

1630643692011,473,09/03/2021 10:04 AM,data/value

1630643692011,469,09/03/2021 10:04 AM,data/value

1630643692011,406,09/03/2021 10:04 AM,data/value

1630643692011,217,09/03/2021 10:04 AM,data/value

1630643692011,264,09/03/2021 10:04 AM,data/value

1630643692098,406,09/03/2021 10:04 AM,data/value

1630643692098,466,09/03/2021 10:04 AM,data/value

1630643692098,195,09/03/2021 10:04 AM,data/value

1630643692099,187,09/03/2021 10:04 AM,data/value

1630643692099,165,09/03/2021 10:04 AM,data/value

1630643692099,432,09/03/2021 10:04 AM,data/value

1630643692099,430,09/03/2021 10:04 AM,data/value

1630643692099,150,09/03/2021 10:04 AM,data/value

1630643692099,167,09/03/2021 10:04 AM,data/value

1630643692099,178,09/03/2021 10:04 AM,data/value

1630643692099,332,09/03/2021 10:04 AM,data/value

1630643692099,449,09/03/2021 10:04 AM,data/value

1630643692099,330,09/03/2021 10:04 AM,data/value

1630643692099,130,09/03/2021 10:04 AM,data/value

1630643692099,238,09/03/2021 10:04 AM,data/value

1630643692099,240,09/03/2021 10:04 AM,data/value

1630643692099,349,09/03/2021 10:04 AM,data/value

1630643692099,391,09/03/2021 10:04 AM,data/value

1630643692100,306,09/03/2021 10:04 AM,data/value

1630643692100,161,09/03/2021 10:04 AM,data/value

1630643692100,397,09/03/2021 10:04 AM,data/value

1630643692100,354,09/03/2021 10:04 AM,data/value

1630643692100,364,09/03/2021 10:04 AM,data/value

1630643692100,437,09/03/2021 10:04 AM,data/value

1630643692100,349,09/03/2021 10:04 AM,data/value

1630643692100,190,09/03/2021 10:04 AM,data/value

1630643692100,58,09/03/2021 10:04 AM,data/value

1630643692100,86,09/03/2021 10:04 AM,data/value

1630643692100,232,09/03/2021 10:04 AM,data/value

1630643692100,422,09/03/2021 10:04 AM,data/value

1630643692100,489,09/03/2021 10:04 AM,data/value

1630643692101,487,09/03/2021 10:04 AM,data/value

1630643692101,191,09/03/2021 10:04 AM,data/value

1630643692101,190,09/03/2021 10:04 AM,data/value

1630643692101,190,09/03/2021 10:04 AM,data/value

1630643692101,264,09/03/2021 10:04 AM,data/value

1630643692101,438,09/03/2021 10:04 AM,data/value

1630643692101,447,09/03/2021 10:04 AM,data/value

1630643692101,504,09/03/2021 10:04 AM,data/value

1630643692101,436,09/03/2021 10:04 AM,data/value

1630643692101,229,09/03/2021 10:04 AM,data/value

1630643692101,270,09/03/2021 10:04 AM,data/value

1630643692101,307,09/03/2021 10:04 AM,data/value

1630643692102,409,09/03/2021 10:04 AM,data/value

1630643692102,500,09/03/2021 10:04 AM,data/value

1630643692102,434,09/03/2021 10:04 AM,data/value

1630643692102,210,09/03/2021 10:04 AM,data/value

1630643692102,265,09/03/2021 10:04 AM,data/value

1630643692102,464,09/03/2021 10:04 AM,data/value

1630643692102,441,09/03/2021 10:04 AM,data/value

1630643692102,133,09/03/2021 10:04 AM,data/value

1630643692102,143,09/03/2021 10:04 AM,data/value

1630643692102,166,09/03/2021 10:04 AM,data/value

1630643692102,414,09/03/2021 10:04 AM,data/value

1630643692102,497,09/03/2021 10:04 AM,data/value

1630643692102,360,09/03/2021 10:04 AM,data/value

1630643692102,106,09/03/2021 10:04 AM,data/value

1630643692102,119,09/03/2021 10:04 AM,data/value

1630643692102,203,09/03/2021 10:04 AM,data/value

1630643692102,434,09/03/2021 10:04 AM,data/value

1630643692102,507,09/03/2021 10:04 AM,data/value

1630643692102,464,09/03/2021 10:04 AM,data/value

1630643692102,195,09/03/2021 10:04 AM,data/value

1630643692102,194,09/03/2021 10:04 AM,data/value

1630643692103,206,09/03/2021 10:04 AM,data/value

1630643692103,273,09/03/2021 10:04 AM,data/value

1630643692103,355,09/03/2021 10:04 AM,data/value

1630643692103,409,09/03/2021 10:04 AM,data/value

1630643692103,497,09/03/2021 10:04 AM,data/value

1630643692103,433,09/03/2021 10:04 AM,data/value

1630643692103,308,09/03/2021 10:04 AM,data/value

1630643692103,300,09/03/2021 10:04 AM,data/value

1630643692103,307,09/03/2021 10:04 AM,data/value

1630643692103,338,09/03/2021 10:04 AM,data/value

1630643692103,447,09/03/2021 10:04 AM,data/value

1630643692103,398,09/03/2021 10:04 AM,data/value

1630643692103,367,09/03/2021 10:04 AM,data/value

1630643692103,307,09/03/2021 10:04 AM,data/value

1630643692103,305,09/03/2021 10:04 AM,data/value

1630643692103,143,09/03/2021 10:04 AM,data/value

1630643692104,364,09/03/2021 10:04 AM,data/value

1630643692104,326,09/03/2021 10:04 AM,data/value

1630643692104,344,09/03/2021 10:04 AM,data/value

1630643692104,464,09/03/2021 10:04 AM,data/value

1630643692104,393,09/03/2021 10:04 AM,data/value

1630643692104,182,09/03/2021 10:04 AM,data/value

1630643692104,39,09/03/2021 10:04 AM,data/value

1630643692104,79,09/03/2021 10:04 AM,data/value

1630643692105,318,09/03/2021 10:04 AM,data/value

1630643692105,465,09/03/2021 10:04 AM,data/value

1630643692105,503,09/03/2021 10:04 AM,data/value

1630643692105,337,09/03/2021 10:04 AM,data/value

1630643692105,179,09/03/2021 10:04 AM,data/value

1630643692105,184,09/03/2021 10:04 AM,data/value

1630643692105,210,09/03/2021 10:04 AM,data/value

1630643692105,290,09/03/2021 10:04 AM,data/value

1630643692106,313,09/03/2021 10:04 AM,data/value

1630643692106,131,09/03/2021 10:04 AM,data/value

1630643692106,39,09/03/2021 10:04 AM,data/value

1630643692106,79,09/03/2021 10:04 AM,data/value

1630643692106,182,09/03/2021 10:04 AM,data/value

1630643692106,333,09/03/2021 10:04 AM,data/value

1630643692106,414,09/03/2021 10:04 AM,data/value

1630643692106,379,09/03/2021 10:04 AM,data/value

1630643692106,379,09/03/2021 10:04 AM,data/value

1630643692106,334,09/03/2021 10:04 AM,data/value

1630643692106,336,09/03/2021 10:04 AM,data/value

1630643692106,457,09/03/2021 10:04 AM,data/value

1630643692106,477,09/03/2021 10:04 AM,data/value

1630643692106,217,09/03/2021 10:04 AM,data/value

1630643692106,70,09/03/2021 10:04 AM,data/value

1630643692106,96,09/03/2021 10:04 AM,data/value

1630643692106,257,09/03/2021 10:04 AM,data/value

1630643692106,465,09/03/2021 10:04 AM,data/value

1630643692106,377,09/03/2021 10:04 AM,data/value

1630643692106,133,09/03/2021 10:04 AM,data/value

1630643692106,359,09/03/2021 10:04 AM,data/value

1630643692107,328,09/03/2021 10:04 AM,data/value

1630643692107,368,09/03/2021 10:04 AM,data/value

1630643692107,313,09/03/2021 10:04 AM,data/value

1630643692107,307,09/03/2021 10:04 AM,data/value

1630643692107,382,09/03/2021 10:04 AM,data/value

1630643692107,491,09/03/2021 10:04 AM,data/value

1630643692107,427,09/03/2021 10:04 AM,data/value

1630643692107,307,09/03/2021 10:04 AM,data/value

1630643692107,293,09/03/2021 10:04 AM,data/value

1630643692107,303,09/03/2021 10:04 AM,data/value

1630643692107,413,09/03/2021 10:04 AM,data/value

1630643692107,508,09/03/2021 10:04 AM,data/value

1630643692107,440,09/03/2021 10:04 AM,data/value

1630643692107,206,09/03/2021 10:04 AM,data/value

1630643692107,328,09/03/2021 10:04 AM,data/value

1630643692107,504,09/03/2021 10:04 AM,data/value

1630643692107,334,09/03/2021 10:04 AM,data/value

1630643692107,75,09/03/2021 10:04 AM,data/value

1630643692107,99,09/03/2021 10:04 AM,data/value

1630643692107,318,09/03/2021 10:04 AM,data/value

1630643692279,475,09/03/2021 10:04 AM,data/value

1630643692280,340,09/03/2021 10:04 AM,data/value

1630643692280,330,09/03/2021 10:04 AM,data/value

1630643692280,512,09/03/2021 10:04 AM,data/value

1630643692280,444,09/03/2021 10:04 AM,data/value

1630643692280,194,09/03/2021 10:04 AM,data/value

1630643692280,441,09/03/2021 10:04 AM,data/value

1630643692280,456,09/03/2021 10:04 AM,data/value

1630643692280,126,09/03/2021 10:04 AM,data/value

1630643692280,435,09/03/2021 10:04 AM,data/value

1630643692280,393,09/03/2021 10:04 AM,data/value

1630643692280,284,09/03/2021 10:04 AM,data/value

1630643692280,290,09/03/2021 10:04 AM,data/value

1630643692280,486,09/03/2021 10:04 AM,data/value

1630643692288,502,09/03/2021 10:04 AM,data/value

1630643692288,194,09/03/2021 10:04 AM,data/value

1630643692288,192,09/03/2021 10:04 AM,data/value

1630643692289,182,09/03/2021 10:04 AM,data/value

1630643692289,376,09/03/2021 10:04 AM,data/value

1630643692289,514,09/03/2021 10:04 AM,data/value

1630643692289,493,09/03/2021 10:04 AM,data/value

1630643692289,189,09/03/2021 10:04 AM,data/value

1630643692289,190,09/03/2021 10:04 AM,data/value

1630643692289,206,09/03/2021 10:04 AM,data/value

1630643692289,294,09/03/2021 10:04 AM,data/value

1630643692289,321,09/03/2021 10:04 AM,data/value

1630643692289,195,09/03/2021 10:04 AM,data/value

1630643692289,302,09/03/2021 10:04 AM,data/value

1630643692289,256,09/03/2021 10:04 AM,data/value

1630643692289,320,09/03/2021 10:04 AM,data/value

1630643692289,455,09/03/2021 10:04 AM,data/value

1630643692289,506,09/03/2021 10:04 AM,data/value

1630643692289,478,09/03/2021 10:04 AM,data/value

1630643692289,510,09/03/2021 10:04 AM,data/value

1630643692289,439,09/03/2021 10:04 AM,data/value

1630643692289,365,09/03/2021 10:04 AM,data/value

1630643692289,357,09/03/2021 10:04 AM,data/value

1630643692289,362,09/03/2021 10:04 AM,data/value

1630643692289,174,09/03/2021 10:04 AM,data/value

1630643692289,81,09/03/2021 10:04 AM,data/value

1630643692290,110,09/03/2021 10:04 AM,data/value

1630643692290,183,09/03/2021 10:04 AM,data/value

1630643692290,299,09/03/2021 10:04 AM,data/value

1630643692290,353,09/03/2021 10:04 AM,data/value

1630643692290,225,09/03/2021 10:04 AM,data/value

1630643692290,361,09/03/2021 10:04 AM,data/value

1630643692290,372,09/03/2021 10:04 AM,data/value

1630643692290,376,09/03/2021 10:04 AM,data/value

1630643692290,479,09/03/2021 10:04 AM,data/value

1630643692290,490,09/03/2021 10:04 AM,data/value

1630643692290,256,09/03/2021 10:04 AM,data/value

1630643692290,54,09/03/2021 10:04 AM,data/value

1630643692290,93,09/03/2021 10:04 AM,data/value

1630643692290,205,09/03/2021 10:04 AM,data/value

1630643692290,343,09/03/2021 10:04 AM,data/value

1630643692290,521,09/03/2021 10:04 AM,data/value

1630643692290,498,09/03/2021 10:04 AM,data/value

1630643692290,447,09/03/2021 10:04 AM,data/value

1630643692290,378,09/03/2021 10:04 AM,data/value

1630643692290,308,09/03/2021 10:04 AM,data/value

1630643692290,299,09/03/2021 10:04 AM,data/value

1630643692290,314,09/03/2021 10:04 AM,data/value

1630643692290,172,09/03/2021 10:04 AM,data/value

1630643692290,171,09/03/2021 10:04 AM,data/value

1630643692290,183,09/03/2021 10:04 AM,data/value

1630643692290,300,09/03/2021 10:04 AM,data/value

1630643692291,472,09/03/2021 10:04 AM,data/value

1630643692291,521,09/03/2021 10:04 AM,data/value

1630643692291,462,09/03/2021 10:04 AM,data/value

1630643692291,409,09/03/2021 10:04 AM,data/value

1630643692291,352,09/03/2021 10:04 AM,data/value

1630643692291,305,09/03/2021 10:04 AM,data/value

1630643692291,369,09/03/2021 10:04 AM,data/value

1630643692291,365,09/03/2021 10:04 AM,data/value

1630643692291,190,09/03/2021 10:04 AM,data/value

1630643692291,73,09/03/2021 10:04 AM,data/value

1630643692291,85,09/03/2021 10:04 AM,data/value

1630643692291,172,09/03/2021 10:04 AM,data/value

1630643692291,280,09/03/2021 10:04 AM,data/value

1630643692291,308,09/03/2021 10:04 AM,data/value

1630643692293,148,09/03/2021 10:04 AM,data/value

1630643692293,170,09/03/2021 10:04 AM,data/value

1630643692293,149,09/03/2021 10:04 AM,data/value

1630643692293,261,09/03/2021 10:04 AM,data/value

1630643692293,431,09/03/2021 10:04 AM,data/value

1630643692293,479,09/03/2021 10:04 AM,data/value

1630643692293,441,09/03/2021 10:04 AM,data/value

1630643692293,460,09/03/2021 10:04 AM,data/value

1630643692293,395,09/03/2021 10:04 AM,data/value

1630643692293,364,09/03/2021 10:04 AM,data/value

1630643692293,470,09/03/2021 10:04 AM,data/value

1630643692293,505,09/03/2021 10:04 AM,data/value

1630643692293,286,09/03/2021 10:04 AM,data/value

1630643692293,149,09/03/2021 10:04 AM,data/value

1630643692293,153,09/03/2021 10:04 AM,data/value

1630643692293,174,09/03/2021 10:04 AM,data/value

1630643692293,363,09/03/2021 10:04 AM,data/value

1630643692293,484,09/03/2021 10:04 AM,data/value

1630643692293,498,09/03/2021 10:04 AM,data/value

1630643692293,208,09/03/2021 10:04 AM,data/value

1630643692293,199,09/03/2021 10:04 AM,data/value

1630643692294,193,09/03/2021 10:04 AM,data/value

1630643692294,290,09/03/2021 10:04 AM,data/value

1630643692294,480,09/03/2021 10:04 AM,data/value

1630643692294,503,09/03/2021 10:04 AM,data/value

1630643692294,171,09/03/2021 10:04 AM,data/value

1630643692294,169,09/03/2021 10:04 AM,data/value

1630643692294,170,09/03/2021 10:04 AM,data/value

1630643692294,440,09/03/2021 10:04 AM,data/value

1630643692294,506,09/03/2021 10:04 AM,data/value

1630643692294,184,09/03/2021 10:04 AM,data/value

1630643692294,152,09/03/2021 10:04 AM,data/value

1630643692294,189,09/03/2021 10:04 AM,data/value

1630643692294,365,09/03/2021 10:04 AM,data/value

1630643692294,360,09/03/2021 10:04 AM,data/value

1630643692294,325,09/03/2021 10:04 AM,data/value

1630643692294,237,09/03/2021 10:04 AM,data/value

1630643692294,465,09/03/2021 10:04 AM,data/value

1630643692294,415,09/03/2021 10:04 AM,data/value

1630643692294,303,09/03/2021 10:04 AM,data/value

1630643692294,296,09/03/2021 10:04 AM,data/value

1630643692294,477,09/03/2021 10:04 AM,data/value

1630643692294,505,09/03/2021 10:04 AM,data/value

1630643692294,165,09/03/2021 10:04 AM,data/value

1630643692294,160,09/03/2021 10:04 AM,data/value

1630643692294,216,09/03/2021 10:04 AM,data/value

1630643692294,478,09/03/2021 10:04 AM,data/value

1630643692295,343,09/03/2021 10:04 AM,data/value

1630643692295,290,09/03/2021 10:04 AM,data/value

1630643692295,530,09/03/2021 10:04 AM,data/value

1630643692295,448,09/03/2021 10:04 AM,data/value

1630643692295,179,09/03/2021 10:04 AM,data/value

1630643692295,456,09/03/2021 10:04 AM,data/value

1630643692295,361,09/03/2021 10:04 AM,data/value

1630643692295,295,09/03/2021 10:04 AM,data/value

1630643692295,437,09/03/2021 10:04 AM,data/value

1630643692295,313,09/03/2021 10:04 AM,data/value

1630643692295,221,09/03/2021 10:04 AM,data/value

1630643692295,458,09/03/2021 10:04 AM,data/value

1630643692295,315,09/03/2021 10:04 AM,data/value

1630643692295,496,09/03/2021 10:04 AM,data/value

1630643692295,136,09/03/2021 10:04 AM,data/value

1630643692295,134,09/03/2021 10:04 AM,data/value

1630643692295,329,09/03/2021 10:04 AM,data/value

1630643692295,322,09/03/2021 10:04 AM,data/value

1630643692295,476,09/03/2021 10:04 AM,data/value

1630643692305,246,09/03/2021 10:04 AM,data/value

1630643692305,240,09/03/2021 10:04 AM,data/value

1630643692305,291,09/03/2021 10:04 AM,data/value

1630643692306,306,09/03/2021 10:04 AM,data/value

1630643692306,298,09/03/2021 10:04 AM,data/value

1630643692306,526,09/03/2021 10:04 AM,data/value

1630643692308,160,09/03/2021 10:04 AM,data/value

1630643692309,421,09/03/2021 10:04 AM,data/value

1630643692309,384,09/03/2021 10:04 AM,data/value

1630643692309,221,09/03/2021 10:04 AM,data/value

1630643692309,405,09/03/2021 10:04 AM,data/value

1630643692309,518,09/03/2021 10:04 AM,data/value

1630643692309,135,09/03/2021 10:04 AM,data/value

1630643692309,476,09/03/2021 10:04 AM,data/value

1630643692309,426,09/03/2021 10:04 AM,data/value

1630643692309,218,09/03/2021 10:04 AM,data/value

1630643692309,356,09/03/2021 10:04 AM,data/value

1630643692309,530,09/03/2021 10:04 AM,data/value

1630643692309,154,09/03/2021 10:04 AM,data/value

1630643692309,457,09/03/2021 10:04 AM,data/value

1630643692309,416,09/03/2021 10:04 AM,data/value

1630643692309,207,09/03/2021 10:04 AM,data/value

1630643692309,458,09/03/2021 10:04 AM,data/value

1630643692309,378,09/03/2021 10:04 AM,data/value

1630643692309,335,09/03/2021 10:04 AM,data/value

1630643692309,468,09/03/2021 10:04 AM,data/value

1630643692309,353,09/03/2021 10:04 AM,data/value

1630643692309,174,09/03/2021 10:04 AM,data/value

1630643692309,486,09/03/2021 10:04 AM,data/value

1630643692309,354,09/03/2021 10:04 AM,data/value

1630643692309,403,09/03/2021 10:04 AM,data/value

1630643692309,477,09/03/2021 10:04 AM,data/value

1630643692309,377,09/03/2021 10:04 AM,data/value

1630643692310,180,09/03/2021 10:04 AM,data/value

1630643692310,453,09/03/2021 10:04 AM,data/value

1630643692310,517,09/03/2021 10:04 AM,data/value

1630643692310,170,09/03/2021 10:04 AM,data/value

1630643692310,288,09/03/2021 10:04 AM,data/value

1630643692310,287,09/03/2021 10:04 AM,data/value

1630643692310,374,09/03/2021 10:04 AM,data/value

1630643692406,368,09/03/2021 10:04 AM,data/value

1630643692406,341,09/03/2021 10:04 AM,data/value

1630643692406,286,09/03/2021 10:04 AM,data/value

1630643692406,493,09/03/2021 10:04 AM,data/value

1630643692406,425,09/03/2021 10:04 AM,data/value

1630643692406,376,09/03/2021 10:04 AM,data/value

1630643692406,475,09/03/2021 10:04 AM,data/value

1630643692406,403,09/03/2021 10:04 AM,data/value

1630643692407,245,09/03/2021 10:04 AM,data/value

1630643692407,185,09/03/2021 10:04 AM,data/value

1630643692407,186,09/03/2021 10:04 AM,data/value

1630643692407,202,09/03/2021 10:04 AM,data/value

1630643692407,295,09/03/2021 10:04 AM,data/value

1630643692407,330,09/03/2021 10:04 AM,data/value

1630643692407,187,09/03/2021 10:04 AM,data/value

1630643692407,332,09/03/2021 10:04 AM,data/value

1630643692407,284,09/03/2021 10:04 AM,data/value

1630643692407,327,09/03/2021 10:04 AM,data/value

1630643692407,470,09/03/2021 10:04 AM,data/value

1630643692407,539,09/03/2021 10:04 AM,data/value

1630643692407,537,09/03/2021 10:04 AM,data/value

1630643692407,508,09/03/2021 10:04 AM,data/value

1630643692407,447,09/03/2021 10:04 AM,data/value

1630643692407,280,09/03/2021 10:04 AM,data/value

1630643692407,336,09/03/2021 10:04 AM,data/value

1630643692408,382,09/03/2021 10:04 AM,data/value

1630643692408,258,09/03/2021 10:04 AM,data/value

1630643692408,219,09/03/2021 10:04 AM,data/value

1630643692408,212,09/03/2021 10:04 AM,data/value

1630643692408,217,09/03/2021 10:04 AM,data/value

1630643692408,308,09/03/2021 10:04 AM,data/value

1630643692408,333,09/03/2021 10:04 AM,data/value

1630643692408,147,09/03/2021 10:04 AM,data/value

1630643692408,186,09/03/2021 10:04 AM,data/value

1630643692408,166,09/03/2021 10:04 AM,data/value

1630643692408,284,09/03/2021 10:04 AM,data/value

1630643692408,452,09/03/2021 10:04 AM,data/value

1630643692408,519,09/03/2021 10:04 AM,data/value

1630643692408,502,09/03/2021 10:04 AM,data/value

1630643692408,554,09/03/2021 10:04 AM,data/value

1630643692408,468,09/03/2021 10:04 AM,data/value

1630643692408,377,09/03/2021 10:04 AM,data/value

1630643692408,494,09/03/2021 10:04 AM,data/value

1630643692408,550,09/03/2021 10:04 AM,data/value

1630643692409,531,09/03/2021 10:04 AM,data/value

1630643692409,560,09/03/2021 10:04 AM,data/value

1630643692409,469,09/03/2021 10:04 AM,data/value

1630643692409,364,09/03/2021 10:04 AM,data/value

1630643692409,482,09/03/2021 10:04 AM,data/value

1630643692409,528,09/03/2021 10:04 AM,data/value

1630643692409,468,09/03/2021 10:04 AM,data/value

1630643692409,461,09/03/2021 10:04 AM,data/value

1630643692409,393,09/03/2021 10:04 AM,data/value

1630643692409,319,09/03/2021 10:04 AM,data/value

1630643692409,411,09/03/2021 10:04 AM,data/value

1630643692409,389,09/03/2021 10:04 AM,data/value

1630643692409,151,09/03/2021 10:04 AM,data/value

1630643692409,115,09/03/2021 10:04 AM,data/value

1630643692409,130,09/03/2021 10:04 AM,data/value

1630643692409,191,09/03/2021 10:04 AM,data/value

1630643692409,317,09/03/2021 10:04 AM,data/value

1630643692410,373,09/03/2021 10:04 AM,data/value

1630643692410,252,09/03/2021 10:04 AM,data/value

1630643692410,276,09/03/2021 10:04 AM,data/value

1630643692410,305,09/03/2021 10:04 AM,data/value

1630643692410,322,09/03/2021 10:04 AM,data/value

1630643692410,453,09/03/2021 10:04 AM,data/value

1630643692410,540,09/03/2021 10:04 AM,data/value

1630643692410,528,09/03/2021 10:04 AM,data/value

1630643692410,543,09/03/2021 10:04 AM,data/value

1630643692410,454,09/03/2021 10:04 AM,data/value

1630643692410,356,09/03/2021 10:04 AM,data/value

1630643692410,468,09/03/2021 10:04 AM,data/value

1630643692410,520,09/03/2021 10:04 AM,data/value

1630643692410,510,09/03/2021 10:04 AM,data/value

1630643692410,553,09/03/2021 10:04 AM,data/value

1630643692410,471,09/03/2021 10:04 AM,data/value

1630643692410,374,09/03/2021 10:04 AM,data/value

1630643692410,483,09/03/2021 10:04 AM,data/value

1630643692410,529,09/03/2021 10:04 AM,data/value

1630643692410,530,09/03/2021 10:04 AM,data/value

1630643692410,568,09/03/2021 10:04 AM,data/value

1630643692410,476,09/03/2021 10:04 AM,data/value

1630643692410,374,09/03/2021 10:04 AM,data/value

1630643692410,478,09/03/2021 10:04 AM,data/value

1630643692410,530,09/03/2021 10:04 AM,data/value

1630643692410,522,09/03/2021 10:04 AM,data/value

1630643692411,534,09/03/2021 10:04 AM,data/value

1630643692411,444,09/03/2021 10:04 AM,data/value

1630643692411,351,09/03/2021 10:04 AM,data/value

1630643692411,458,09/03/2021 10:04 AM,data/value

1630643692411,495,09/03/2021 10:04 AM,data/value

1630643692411,446,09/03/2021 10:04 AM,data/value

1630643692411,424,09/03/2021 10:04 AM,data/value

1630643692411,361,09/03/2021 10:04 AM,data/value

1630643692411,292,09/03/2021 10:04 AM,data/value

1630643692411,413,09/03/2021 10:04 AM,data/value

1630643692411,468,09/03/2021 10:04 AM,data/value

1630643692411,428,09/03/2021 10:04 AM,data/value

1630643692411,468,09/03/2021 10:04 AM,data/value

1630643692411,403,09/03/2021 10:04 AM,data/value

1630643692411,366,09/03/2021 10:04 AM,data/value

1630643692411,472,09/03/2021 10:04 AM,data/value

1630643692411,518,09/03/2021 10:04 AM,data/value

1630643692411,511,09/03/2021 10:04 AM,data/value

1630643692411,528,09/03/2021 10:04 AM,data/value

1630643692411,459,09/03/2021 10:04 AM,data/value

1630643692411,368,09/03/2021 10:04 AM,data/value

1630643692411,433,09/03/2021 10:04 AM,data/value

1630643692411,443,09/03/2021 10:04 AM,data/value

1630643692411,365,09/03/2021 10:04 AM,data/value

1630643692411,302,09/03/2021 10:04 AM,data/value

1630643692412,303,09/03/2021 10:04 AM,data/value

1630643692412,243,09/03/2021 10:04 AM,data/value

1630643692412,313,09/03/2021 10:04 AM,data/value

1630643692412,343,09/03/2021 10:04 AM,data/value

1630643692412,204,09/03/2021 10:04 AM,data/value

1630643692412,144,09/03/2021 10:04 AM,data/value

1630643692412,157,09/03/2021 10:04 AM,data/value

1630643692412,196,09/03/2021 10:04 AM,data/value

1630643692412,286,09/03/2021 10:04 AM,data/value

1630643692412,324,09/03/2021 10:04 AM,data/value

1630643692412,167,09/03/2021 10:04 AM,data/value

1630643692412,100,09/03/2021 10:04 AM,data/value

1630643692412,125,09/03/2021 10:04 AM,data/value

1630643692412,181,09/03/2021 10:04 AM,data/value

1630643692412,281,09/03/2021 10:04 AM,data/value

1630643692412,310,09/03/2021 10:04 AM,data/value

1630643692412,133,09/03/2021 10:04 AM,data/value

1630643692412,93,09/03/2021 10:04 AM,data/value

1630643692412,110,09/03/2021 10:04 AM,data/value

1630643692412,213,09/03/2021 10:04 AM,data/value

1630643692412,409,09/03/2021 10:04 AM,data/value

1630643692412,479,09/03/2021 10:04 AM,data/value

1630643692412,473,09/03/2021 10:04 AM,data/value

1630643692412,529,09/03/2021 10:04 AM,data/value

1630643692412,455,09/03/2021 10:04 AM,data/value

1630643692412,315,09/03/2021 10:04 AM,data/value

1630643692412,310,09/03/2021 10:04 AM,data/value

1630643692412,313,09/03/2021 10:04 AM,data/value

1630643692413,392,09/03/2021 10:04 AM,data/value

1630643692413,499,09/03/2021 10:04 AM,data/value

1630643692413,433,09/03/2021 10:04 AM,data/value

1630643692413,369,09/03/2021 10:04 AM,data/value

1630643692413,339,09/03/2021 10:04 AM,data/value

1630643692413,351,09/03/2021 10:04 AM,data/value

1630643692413,161,09/03/2021 10:04 AM,data/value

1630643692413,72,09/03/2021 10:04 AM,data/value

1630643692413,97,09/03/2021 10:04 AM,data/value

1630643692413,322,09/03/2021 10:04 AM,data/value

1630643692413,482,09/03/2021 10:04 AM,data/value

1630643692413,482,09/03/2021 10:04 AM,data/value

1630643692413,238,09/03/2021 10:04 AM,data/value

1630643692413,142,09/03/2021 10:04 AM,data/value

1630643692413,151,09/03/2021 10:04 AM,data/value

1630643692413,178,09/03/2021 10:04 AM,data/value

1630643692413,311,09/03/2021 10:04 AM,data/value

1630643692413,483,09/03/2021 10:04 AM,data/value

1630643692413,474,09/03/2021 10:04 AM,data/value

1630643692413,558,09/03/2021 10:04 AM,data/value

1630643692413,470,09/03/2021 10:04 AM,data/value

1630643692413,223,09/03/2021 10:04 AM,data/value

1630643692413,297,09/03/2021 10:04 AM,data/value

1630643692413,455,09/03/2021 10:04 AM,data/value

1630643692413,492,09/03/2021 10:04 AM,data/value

1630643692413,498,09/03/2021 10:04 AM,data/value

1630643692413,418,09/03/2021 10:04 AM,data/value

1630643692414,213,09/03/2021 10:04 AM,data/value

1630643692414,291,09/03/2021 10:04 AM,data/value

1630643692414,457,09/03/2021 10:04 AM,data/value

1630643692414,469,09/03/2021 10:04 AM,data/value

1630643692414,543,09/03/2021 10:04 AM,data/value

1630643692414,464,09/03/2021 10:04 AM,data/value

1630643692414,296,09/03/2021 10:04 AM,data/value

1630643692414,325,09/03/2021 10:04 AM,data/value

1630643692414,355,09/03/2021 10:04 AM,data/value

1630643692414,168,09/03/2021 10:04 AM,data/value

1630643692414,85,09/03/2021 10:04 AM,data/value

1630643692414,111,09/03/2021 10:04 AM,data/value

1630643692414,207,09/03/2021 10:04 AM,data/value

1630643692414,445,09/03/2021 10:04 AM,data/value

1630643692414,512,09/03/2021 10:04 AM,data/value

1630643692414,513,09/03/2021 10:04 AM,data/value

1630643692414,541,09/03/2021 10:04 AM,data/value

1630643692414,462,09/03/2021 10:04 AM,data/value

1630643692414,366,09/03/2021 10:04 AM,data/value

1630643692414,438,09/03/2021 10:04 AM,data/value

1630643692414,440,09/03/2021 10:04 AM,data/value

1630643692414,247,09/03/2021 10:04 AM,data/value

1630643692415,167,09/03/2021 10:04 AM,data/value

1630643692415,172,09/03/2021 10:04 AM,data/value

1630643692415,193,09/03/2021 10:04 AM,data/value

1630643692415,288,09/03/2021 10:04 AM,data/value

1630643692415,323,09/03/2021 10:04 AM,data/value

1630643692415,149,09/03/2021 10:04 AM,data/value

1630643692415,95,09/03/2021 10:04 AM,data/value

1630643692415,121,09/03/2021 10:04 AM,data/value

1630643692415,209,09/03/2021 10:04 AM,data/value

1630643692415,325,09/03/2021 10:04 AM,data/value

1630643692415,428,09/03/2021 10:04 AM,data/value

1630643692415,503,09/03/2021 10:04 AM,data/value

1630643692415,532,09/03/2021 10:04 AM,data/value

1630643692415,453,09/03/2021 10:04 AM,data/value

1630643692415,359,09/03/2021 10:04 AM,data/value

1630643692415,457,09/03/2021 10:04 AM,data/value

1630643692415,487,09/03/2021 10:04 AM,data/value

1630643692415,350,09/03/2021 10:04 AM,data/value

1630643692415,99,09/03/2021 10:04 AM,data/value

1630643692415,105,09/03/2021 10:04 AM,data/value

1630643692415,182,09/03/2021 10:04 AM,data/value

1630643692415,316,09/03/2021 10:04 AM,data/value

1630643692415,466,09/03/2021 10:04 AM,data/value

1630643692415,516,09/03/2021 10:04 AM,data/value

1630643692415,501,09/03/2021 10:04 AM,data/value

1630643692415,420,09/03/2021 10:04 AM,data/value

1630643692415,325,09/03/2021 10:04 AM,data/value

1630643692415,386,09/03/2021 10:04 AM,data/value

1630643692415,323,09/03/2021 10:04 AM,data/value

1630643692415,160,09/03/2021 10:04 AM,data/value

1630643692415,185,09/03/2021 10:04 AM,data/value

1630643692416,196,09/03/2021 10:04 AM,data/value

1630643692416,333,09/03/2021 10:04 AM,data/value

1630643692416,482,09/03/2021 10:04 AM,data/value

1630643692416,521,09/03/2021 10:04 AM,data/value

1630643692416,447,09/03/2021 10:04 AM,data/value

1630643692416,420,09/03/2021 10:04 AM,data/value

1630643692416,362,09/03/2021 10:04 AM,data/value

1630643692416,320,09/03/2021 10:04 AM,data/value

1630643692416,448,09/03/2021 10:04 AM,data/value

1630643692416,507,09/03/2021 10:04 AM,data/value

1630643692416,480,09/03/2021 10:04 AM,data/value

1630643692416,522,09/03/2021 10:04 AM,data/value

1630643692416,443,09/03/2021 10:04 AM,data/value

1630643692416,370,09/03/2021 10:04 AM,data/value

1630643692416,481,09/03/2021 10:04 AM,data/value

1630643692416,519,09/03/2021 10:04 AM,data/value

1630643692416,449,09/03/2021 10:04 AM,data/value

1630643692416,419,09/03/2021 10:04 AM,data/value

1630643692416,359,09/03/2021 10:04 AM,data/value

1630643692416,303,09/03/2021 10:04 AM,data/value

1630643692416,370,09/03/2021 10:04 AM,data/value

1630643692416,356,09/03/2021 10:04 AM,data/value

1630643692416,157,09/03/2021 10:04 AM,data/value

1630643692416,66,09/03/2021 10:04 AM,data/value

1630643692416,95,09/03/2021 10:04 AM,data/value

1630643692416,176,09/03/2021 10:04 AM,data/value

1630643692417,289,09/03/2021 10:04 AM,data/value

1630643692417,320,09/03/2021 10:04 AM,data/value

1630643692417,134,09/03/2021 10:04 AM,data/value

1630643692417,95,09/03/2021 10:04 AM,data/value

1630643692417,108,09/03/2021 10:04 AM,data/value

1630643692417,221,09/03/2021 10:04 AM,data/value

1630643692417,381,09/03/2021 10:04 AM,data/value

1630643692417,458,09/03/2021 10:04 AM,data/value

1630643692417,404,09/03/2021 10:04 AM,data/value

1630643692417,400,09/03/2021 10:04 AM,data/value

1630643692417,349,09/03/2021 10:04 AM,data/value

1630643692417,322,09/03/2021 10:04 AM,data/value

1630643692417,454,09/03/2021 10:04 AM,data/value

1630643692417,512,09/03/2021 10:04 AM,data/value

1630643692417,491,09/03/2021 10:04 AM,data/value

1630643692417,519,09/03/2021 10:04 AM,data/value

1630643692417,441,09/03/2021 10:04 AM,data/value

1630643692417,368,09/03/2021 10:04 AM,data/value

1630643692417,489,09/03/2021 10:04 AM,data/value

1630643692417,544,09/03/2021 10:04 AM,data/value

1630643692417,507,09/03/2021 10:04 AM,data/value

1630643692417,493,09/03/2021 10:04 AM,data/value

1630643692417,418,09/03/2021 10:04 AM,data/value

1630643692417,339,09/03/2021 10:04 AM,data/value

1630643692417,450,09/03/2021 10:04 AM,data/value

1630643692417,437,09/03/2021 10:04 AM,data/value

1630643692417,224,09/03/2021 10:04 AM,data/value

1630643692418,99,09/03/2021 10:04 AM,data/value

1630643692418,103,09/03/2021 10:04 AM,data/value

1630643692418,176,09/03/2021 10:04 AM,data/value

1630643692418,295,09/03/2021 10:04 AM,data/value

1630643692418,343,09/03/2021 10:04 AM,data/value

1630643692418,214,09/03/2021 10:04 AM,data/value

1630643692418,263,09/03/2021 10:04 AM,data/value

1630643692418,310,09/03/2021 10:04 AM,data/value

1630643692418,376,09/03/2021 10:04 AM,data/value

1630643692418,476,09/03/2021 10:04 AM,data/value

1630643692418,499,09/03/2021 10:04 AM,data/value

1630643692418,349,09/03/2021 10:04 AM,data/value

1630643692418,73,09/03/2021 10:04 AM,data/value

1630643692418,93,09/03/2021 10:04 AM,data/value

1630643692418,182,09/03/2021 10:04 AM,data/value

1630643692418,317,09/03/2021 10:04 AM,data/value

1630643692418,435,09/03/2021 10:04 AM,data/value

1630643692418,513,09/03/2021 10:04 AM,data/value

1630643692418,427,09/03/2021 10:04 AM,data/value

1630643692418,361,09/03/2021 10:04 AM,data/value

1630643692418,180,09/03/2021 10:04 AM,data/value

1630643692419,336,09/03/2021 10:04 AM,data/value

1630643692419,557,09/03/2021 10:04 AM,data/value

1630643692419,462,09/03/2021 10:04 AM,data/value

1630643692419,186,09/03/2021 10:04 AM,data/value

1630643692419,125,09/03/2021 10:04 AM,data/value

1630643692419,199,09/03/2021 10:04 AM,data/value

1630643692419,377,09/03/2021 10:04 AM,data/value

1630643692419,556,09/03/2021 10:04 AM,data/value

1630643692419,457,09/03/2021 10:04 AM,data/value

1630643692419,149,09/03/2021 10:04 AM,data/value

1630643692419,106,09/03/2021 10:04 AM,data/value

1630643692419,208,09/03/2021 10:04 AM,data/value

1630643692419,474,09/03/2021 10:04 AM,data/value

1630643692419,527,09/03/2021 10:04 AM,data/value

1630643692419,206,09/03/2021 10:04 AM,data/value

1630643692419,152,09/03/2021 10:04 AM,data/value

1630643692419,172,09/03/2021 10:04 AM,data/value

1630643692419,381,09/03/2021 10:04 AM,data/value

1630643692419,468,09/03/2021 10:04 AM,data/value

1630643692419,361,09/03/2021 10:04 AM,data/value

1630643692419,534,09/03/2021 10:04 AM,data/value

1630643692419,267,09/03/2021 10:04 AM,data/value

1630643692419,141,09/03/2021 10:04 AM,data/value

1630643692419,234,09/03/2021 10:04 AM,data/value

1630643692419,490,09/03/2021 10:04 AM,data/value

1630643692419,344,09/03/2021 10:04 AM,data/value

1630643692419,223,09/03/2021 10:04 AM,data/value

1630643692419,558,09/03/2021 10:04 AM,data/value

1630643692420,467,09/03/2021 10:04 AM,data/value

1630643692420,324,09/03/2021 10:04 AM,data/value

1630643692420,305,09/03/2021 10:04 AM,data/value

1630643692420,442,09/03/2021 10:04 AM,data/value

1630643692420,482,09/03/2021 10:04 AM,data/value

1630643692420,76,09/03/2021 10:04 AM,data/value

1630643692420,107,09/03/2021 10:04 AM,data/value

1630643692420,236,09/03/2021 10:04 AM,data/value

1630643692420,499,09/03/2021 10:04 AM,data/value

1630643692420,492,09/03/2021 10:04 AM,data/value

1630643692420,158,09/03/2021 10:04 AM,data/value

1630643692420,281,09/03/2021 10:04 AM,data/value

1630643692420,350,09/03/2021 10:04 AM,data/value

1630643692420,355,09/03/2021 10:04 AM,data/value

1630643692420,340,09/03/2021 10:04 AM,data/value

1630643692420,361,09/03/2021 10:04 AM,data/value

1630643692420,384,09/03/2021 10:04 AM,data/value

1630643692420,538,09/03/2021 10:04 AM,data/value

1630643692420,441,09/03/2021 10:04 AM,data/value

1630643692422,322,09/03/2021 10:04 AM,data/value

1630643692422,305,09/03/2021 10:04 AM,data/value

1630643692422,372,09/03/2021 10:04 AM,data/value

1630643692422,396,09/03/2021 10:04 AM,data/value

1630643692422,540,09/03/2021 10:04 AM,data/value

1630643692422,446,09/03/2021 10:04 AM,data/value

1630643692422,322,09/03/2021 10:04 AM,data/value

1630643692422,308,09/03/2021 10:04 AM,data/value

1630643692422,347,09/03/2021 10:04 AM,data/value

1630643692422,217,09/03/2021 10:04 AM,data/value

1630643695839,211,09/03/2021 10:04 AM,data/value

1630643698832,210,09/03/2021 10:04 AM,data/value

1630643701867,294,09/03/2021 10:05 AM,data/value

1630643706324,473,09/03/2021 10:05 AM,data/value

1630643711318,551,09/03/2021 10:05 AM,data/value

1630643716359,523,09/03/2021 10:05 AM,data/value

1630643721308,528,09/03/2021 10:05 AM,data/value

1630643724315,438,09/03/2021 10:05 AM,data/value

1630643727347,345,09/03/2021 10:05 AM,data/value

1630643731838,456,09/03/2021 10:05 AM,data/value

1630643736793,410,09/03/2021 10:05 AM,data/value

1630643741827,147,09/03/2021 10:05 AM,data/value

1630643746978,138,09/03/2021 10:05 AM,data/value

1630643749856,158,09/03/2021 10:05 AM,data/value

1630643752860,235,09/03/2021 10:05 AM,data/value

1630643757344,465,09/03/2021 10:05 AM,data/value

1630643762347,544,09/03/2021 10:06 AM,data/value

1630643767297,492,09/03/2021 10:06 AM,data/value

1630643772338,457,09/03/2021 10:06 AM,data/value

1630643775333,385,09/03/2021 10:06 AM,data/value

1630643778394,315,09/03/2021 10:06 AM,data/value

1630643782819,311,09/03/2021 10:06 AM,data/value

1630643787819,341,09/03/2021 10:06 AM,data/value

1630643792811,245,09/03/2021 10:06 AM,data/value

1630643797809,513,09/03/2021 10:06 AM,data/value

1630643800825,458,09/03/2021 10:06 AM,data/value

1630643803925,373,09/03/2021 10:06 AM,data/value

1630643808485,468,09/03/2021 10:06 AM,data/value

1630643813331,487,09/03/2021 10:06 AM,data/value

1630643818369,181,09/03/2021 10:06 AM,data/value

1630643823277,97,09/03/2021 10:07 AM,data/value

1630643826249,120,09/03/2021 10:07 AM,data/value

1630643829310,219,09/03/2021 10:07 AM,data/value

1630643833769,430,09/03/2021 10:07 AM,data/value

1630643838787,535,09/03/2021 10:07 AM,data/value

1630643843737,431,09/03/2021 10:07 AM,data/value

1630643848754,92,09/03/2021 10:07 AM,data/value

1630643851769,101,09/03/2021 10:07 AM,data/value

1630643854780,205,09/03/2021 10:07 AM,data/value

1630643859229,376,09/03/2021 10:07 AM,data/value

1630643864315,539,09/03/2021 10:07 AM,data/value

1630643869268,456,09/03/2021 10:07 AM,data/value

1630643874242,313,09/03/2021 10:07 AM,data/value

1630643877276,216,09/03/2021 10:07 AM,data/value

1630643880248,179,09/03/2021 10:08 AM,data/value

1630643884746,314,09/03/2021 10:08 AM,data/value

1630643889696,426,09/03/2021 10:08 AM,data/value

1630643894741,518,09/03/2021 10:08 AM,data/value

1630643899721,450,09/03/2021 10:08 AM,data/value

1630643902746,379,09/03/2021 10:08 AM,data/value

1630643905675,193,09/03/2021 10:08 AM,data/value

1630643910310,308,09/03/2021 10:08 AM,data/value

1630643915216,446,09/03/2021 10:08 AM,data/value

1630643920206,517,09/03/2021 10:08 AM,data/value

1630643925254,436,09/03/2021 10:08 AM,data/value

1630643928228,369,09/03/2021 10:08 AM,data/value

1630643931240,202,09/03/2021 10:08 AM,data/value

1630643935655,297,09/03/2021 10:08 AM,data/value

1630643940650,381,09/03/2021 10:09 AM,data/value

1630643945678,519,09/03/2021 10:09 AM,data/value

1630643950627,444,09/03/2021 10:09 AM,data/value

1630643953632,374,09/03/2021 10:09 AM,data/value

1630643956794,179,09/03/2021 10:09 AM,data/value

1630643961171,315,09/03/2021 10:09 AM,data/value

1630643966113,523,09/03/2021 10:09 AM,data/value

1630643971301,460,09/03/2021 10:09 AM,data/value

1630643976104,224,09/03/2021 10:09 AM,data/value

1630643979231,151,09/03/2021 10:09 AM,data/value

1630643982197,182,09/03/2021 10:09 AM,data/value

1630643986708,321,09/03/2021 10:09 AM,data/value

1630643991673,439,09/03/2021 10:09 AM,data/value

1630643996729,520,09/03/2021 10:09 AM,data/value

1630644001858,506,09/03/2021 10:10 AM,data/value

1630644004717,421,09/03/2021 10:10 AM,data/value

1630644007658,322,09/03/2021 10:10 AM,data/value

1630644012191,307,09/03/2021 10:10 AM,data/value

1630644017209,327,09/03/2021 10:10 AM,data/value

1630644022239,219,09/03/2021 10:10 AM,data/value

1630644027163,266,09/03/2021 10:10 AM,data/value

1630644030219,308,09/03/2021 10:10 AM,data/value

1630644033196,376,09/03/2021 10:10 AM,data/value

1630644037698,481,09/03/2021 10:10 AM,data/value

1630644042613,493,09/03/2021 10:10 AM,data/value

1630644047629,175,09/03/2021 10:10 AM,data/value

1630644052649,91,09/03/2021 10:10 AM,data/value

1630644055817,128,09/03/2021 10:10 AM,data/value

1630644058685,227,09/03/2021 10:10 AM,data/value

1630644063111,455,09/03/2021 10:11 AM,data/value

1630644068106,538,09/03/2021 10:11 AM,data/value

1630644073235,444,09/03/2021 10:11 AM,data/value

1630644078153,387,09/03/2021 10:11 AM,data/value

1630644081211,300,09/03/2021 10:11 AM,data/value

1630644084034,187,09/03/2021 10:11 AM,data/value

1630644088574,290,09/03/2021 10:11 AM,data/value

1630644093601,339,09/03/2021 10:11 AM,data/value

1630644098627,207,09/03/2021 10:11 AM,data/value

1630644103553,205,09/03/2021 10:11 AM,data/value

1630644106526,206,09/03/2021 10:11 AM,data/value

1630644109585,334,09/03/2021 10:11 AM,data/value

1630644114079,486,09/03/2021 10:11 AM,data/value

1630644118991,519,09/03/2021 10:11 AM,data/value

1630644123990,422,09/03/2021 10:12 AM,data/value

1630644129044,306,09/03/2021 10:12 AM,data/value

1630644132102,232,09/03/2021 10:12 AM,data/value

1630644135174,185,09/03/2021 10:12 AM,data/value

1630644139551,293,09/03/2021 10:12 AM,data/value

1630644144698,333,09/03/2021 10:12 AM,data/value

1630644149606,143,09/03/2021 10:12 AM,data/value

1630644154464,70,09/03/2021 10:12 AM,data/value

1630644157529,100,09/03/2021 10:12 AM,data/value

1630644160569,175,09/03/2021 10:12 AM,data/value

1630644165177,292,09/03/2021 10:12 AM,data/value

1630644170094,330,09/03/2021 10:12 AM,data/value

1630644175007,141,09/03/2021 10:12 AM,data/value

1630644180026,68,09/03/2021 10:13 AM,data/value

1630644183097,98,09/03/2021 10:13 AM,data/value

1630644186068,177,09/03/2021 10:13 AM,data/value

1630644190449,293,09/03/2021 10:13 AM,data/value

1630644195495,328,09/03/2021 10:13 AM,data/value

1630644200506,190,09/03/2021 10:13 AM,data/value

1630644205455,173,09/03/2021 10:13 AM,data/value

1630644208500,181,09/03/2021 10:13 AM,data/value

1630644211457,229,09/03/2021 10:13 AM,data/value

1630644216069,336,09/03/2021 10:13 AM,data/value

1630644220985,380,09/03/2021 10:13 AM,data/value

1630644226003,253,09/03/2021 10:13 AM,data/value

1630644230959,207,09/03/2021 10:13 AM,data/value

1630644233990,204,09/03/2021 10:13 AM,data/value

1630644237062,229,09/03/2021 10:13 AM,data/value

1630644241574,329,09/03/2021 10:14 AM,data/value

1630644246483,381,09/03/2021 10:14 AM,data/value

1630644251503,322,09/03/2021 10:14 AM,data/value

1630644256434,431,09/03/2021 10:14 AM,data/value

1630644259590,414,09/03/2021 10:14 AM,data/value

1630644262674,374,09/03/2021 10:14 AM,data/value

1630644266964,482,09/03/2021 10:14 AM,data/value

1630644271878,530,09/03/2021 10:14 AM,data/value

1630644276922,508,09/03/2021 10:14 AM,data/value

1630644282077,526,09/03/2021 10:14 AM,data/value

1630644284993,446,09/03/2021 10:14 AM,data/value

1630644287965,369,09/03/2021 10:14 AM,data/value

1630644292373,479,09/03/2021 10:14 AM,data/value

1630644297457,508,09/03/2021 10:14 AM,data/value

1630644302436,441,09/03/2021 10:15 AM,data/value

1630644307392,429,09/03/2021 10:15 AM,data/value

1630644310391,368,09/03/2021 10:15 AM,data/value

1630644313415,324,09/03/2021 10:15 AM,data/value

1630644317888,441,09/03/2021 10:15 AM,data/value

1630644325697,476,09/03/2021 10:15 AM,data/value

1630644327830,407,09/03/2021 10:15 AM,data/value

1630644333021,396,09/03/2021 10:15 AM,data/value

1630644335878,343,09/03/2021 10:15 AM,data/value

1630644339053,312,09/03/2021 10:15 AM,data/value

1630644343457,432,09/03/2021 10:15 AM,data/value

1630644348474,445,09/03/2021 10:15 AM,data/value

1630644353510,304,09/03/2021 10:15 AM,data/value

1630644358509,236,09/03/2021 10:15 AM,data/value

1630644361387,188,09/03/2021 10:16 AM,data/value

1630644364449,209,09/03/2021 10:16 AM,data/value

1630644368884,318,09/03/2021 10:16 AM,data/value

1630644373845,383,09/03/2021 10:16 AM,data/value

1630644378789,369,09/03/2021 10:16 AM,data/value

1630644383973,420,09/03/2021 10:16 AM,data/value

1630644386829,365,09/03/2021 10:16 AM,data/value

1630644389820,347,09/03/2021 10:16 AM,data/value

1630644394453,485,09/03/2021 10:16 AM,data/value

1630644399272,533,09/03/2021 10:16 AM,data/value

1630644404261,338,09/03/2021 10:16 AM,data/value

1630644409261,187,09/03/2021 10:16 AM,data/value

1630644412269,184,09/03/2021 10:16 AM,data/value

1630644415298,198,09/03/2021 10:16 AM,data/value

1630644419755,295,09/03/2021 10:16 AM,data/value

1630644424867,317,09/03/2021 10:17 AM,data/value

1630644429742,265,09/03/2021 10:17 AM,data/value

1630644434756,407,09/03/2021 10:17 AM,data/value

1630644437869,351,09/03/2021 10:17 AM,data/value

1630644440839,328,09/03/2021 10:17 AM,data/value

1630644445237,460,09/03/2021 10:17 AM,data/value

1630644450274,509,09/03/2021 10:17 AM,data/value

1630644455239,474,09/03/2021 10:17 AM,data/value

1630644460221,498,09/03/2021 10:17 AM,data/value

1630644463391,419,09/03/2021 10:17 AM,data/value

1630644466226,361,09/03/2021 10:17 AM,data/value

1630644470947,487,09/03/2021 10:17 AM,data/value

1630644475721,540,09/03/2021 10:17 AM,data/value

1630644480703,522,09/03/2021 10:18 AM,data/value

1630644485700,550,09/03/2021 10:18 AM,data/value

1630644488864,465,09/03/2021 10:18 AM,data/value

1630644491834,371,09/03/2021 10:18 AM,data/value

1630644496342,445,09/03/2021 10:18 AM,data/value

1630644501465,437,09/03/2021 10:18 AM,data/value

1630644506183,262,09/03/2021 10:18 AM,data/value

1630644511290,217,09/03/2021 10:18 AM,data/value

1630644514259,211,09/03/2021 10:18 AM,data/value

1630644517332,227,09/03/2021 10:18 AM,data/value

1630644521838,320,09/03/2021 10:18 AM,data/value

1630644526872,353,09/03/2021 10:18 AM,data/value

1630644531667,176,09/03/2021 10:18 AM,data/value

1630644536703,98,09/03/2021 10:18 AM,data/value

1630644539756,117,09/03/2021 10:18 AM,data/value

1630644542736,180,09/03/2021 10:19 AM,data/value

1630644547149,286,09/03/2021 10:19 AM,data/value

1630644552264,322,09/03/2021 10:19 AM,data/value

1630644557144,144,09/03/2021 10:19 AM,data/value

1630644562183,141,09/03/2021 10:19 AM,data/value

1630644565362,142,09/03/2021 10:19 AM,data/value

1630644568244,315,09/03/2021 10:19 AM,data/value

1630644572730,463,09/03/2021 10:19 AM,data/value

1630644577753,530,09/03/2021 10:19 AM,data/value

1630644582634,450,09/03/2021 10:19 AM,data/value

1630644587681,208,09/03/2021 10:19 AM,data/value

1630644590765,200,09/03/2021 10:19 AM,data/value

1630644593627,192,09/03/2021 10:19 AM,data/value

1630644598126,286,09/03/2021 10:19 AM,data/value

1630644603143,481,09/03/2021 10:20 AM,data/value

1630644608140,518,09/03/2021 10:20 AM,data/value

1630644613177,219,09/03/2021 10:20 AM,data/value

1630644616213,204,09/03/2021 10:20 AM,data/value

1630644619219,177,09/03/2021 10:20 AM,data/value

1630644623591,444,09/03/2021 10:20 AM,data/value

1630644628592,538,09/03/2021 10:20 AM,data/value

1630644633657,428,09/03/2021 10:20 AM,data/value

1630644638692,201,09/03/2021 10:20 AM,data/value

1630644641657,191,09/03/2021 10:20 AM,data/value

1630644644717,189,09/03/2021 10:20 AM,data/value

1630644649223,292,09/03/2021 10:20 AM,data/value

1630644654139,439,09/03/2021 10:20 AM,data/value

1630644659156,447,09/03/2021 10:20 AM,data/value

1630644664075,541,09/03/2021 10:21 AM,data/value

1630644667357,459,09/03/2021 10:21 AM,data/value

1630644670077,345,09/03/2021 10:21 AM,data/value

1630644674618,330,09/03/2021 10:21 AM,data/value

1630644679545,339,09/03/2021 10:21 AM,data/value

1630644684657,308,09/03/2021 10:21 AM,data/value

1630644689568,509,09/03/2021 10:21 AM,data/value

1630644692571,440,09/03/2021 10:21 AM,data/value

1630644695610,309,09/03/2021 10:21 AM,data/value

1630644700031,313,09/03/2021 10:21 AM,data/value

1630644705074,435,09/03/2021 10:21 AM,data/value

1630644710023,512,09/03/2021 10:21 AM,data/value

1630644715176,351,09/03/2021 10:21 AM,data/value

1630644718040,291,09/03/2021 10:21 AM,data/value

1630644721109,186,09/03/2021 10:22 AM,data/value

1630644725513,459,09/03/2021 10:22 AM,data/value

1630644730520,560,09/03/2021 10:22 AM,data/value

1630644735502,233,09/03/2021 10:22 AM,data/value

1630644740564,161,09/03/2021 10:22 AM,data/value

1630644743656,189,09/03/2021 10:22 AM,data/value

1630644746617,369,09/03/2021 10:22 AM,data/value

1630644751033,355,09/03/2021 10:22 AM,data/value

1630644756124,341,09/03/2021 10:22 AM,data/value

1630644761135,425,09/03/2021 10:22 AM,data/value

1630644766062,558,09/03/2021 10:22 AM,data/value

1630644768985,470,09/03/2021 10:22 AM,data/value

1630644772311,213,09/03/2021 10:22 AM,data/value

1630644776468,324,09/03/2021 10:22 AM,data/value

1630644781547,526,09/03/2021 10:23 AM,data/value

1630644786492,516,09/03/2021 10:23 AM,data/value

1630644791453,184,09/03/2021 10:23 AM,data/value

1630644794462,177,09/03/2021 10:23 AM,data/value

1630644797462,179,09/03/2021 10:23 AM,data/value

1630644802117,426,09/03/2021 10:23 AM,data/value

1630644806979,534,09/03/2021 10:23 AM,data/value

1630644812004,534,09/03/2021 10:23 AM,data/value

1630644816996,221,09/03/2021 10:23 AM,data/value

1630644820016,206,09/03/2021 10:23 AM,data/value

1630644823004,189,09/03/2021 10:23 AM,data/value

1630644827479,305,09/03/2021 10:23 AM,data/value

1630644832637,475,09/03/2021 10:23 AM,data/value

1630644837449,448,09/03/2021 10:23 AM,data/value

1630644842431,506,09/03/2021 10:24 AM,data/value

1630644845477,429,09/03/2021 10:24 AM,data/value

1630644848495,377,09/03/2021 10:24 AM,data/value

1630644852912,435,09/03/2021 10:24 AM,data/value

1630644857925,373,09/03/2021 10:24 AM,data/value

1630644863051,159,09/03/2021 10:24 AM,data/value

1630644867945,460,09/03/2021 10:24 AM,data/value

1630644871033,400,09/03/2021 10:24 AM,data/value

1630644874100,376,09/03/2021 10:24 AM,data/value

1630644878497,335,09/03/2021 10:24 AM,data/value

1630644883617,339,09/03/2021 10:24 AM,data/value

1630644888512,234,09/03/2021 10:24 AM,data/value

1630644893553,452,09/03/2021 10:24 AM,data/value

1630644896518,391,09/03/2021 10:24 AM,data/value

1630644899489,376,09/03/2021 10:24 AM,data/value

1630644904107,445,09/03/2021 10:25 AM,data/value

1630644908940,384,09/03/2021 10:25 AM,data/value

1630644914150,224,09/03/2021 10:25 AM,data/value

1630644918865,157,09/03/2021 10:25 AM,data/value

1630644921926,163,09/03/2021 10:25 AM,data/value

1630644925090,200,09/03/2021 10:25 AM,data/value

1630644929500,313,09/03/2021 10:25 AM,data/value

1630644934407,360,09/03/2021 10:25 AM,data/value

1630644939371,192,09/03/2021 10:25 AM,data/value

1630644944459,115,09/03/2021 10:25 AM,data/value

1630644947429,132,09/03/2021 10:25 AM,data/value

1630644950484,181,09/03/2021 10:25 AM,data/value

1630644954887,305,09/03/2021 10:25 AM,data/value

1630644959905,353,09/03/2021 10:25 AM,data/value

1630644965039,203,09/03/2021 10:26 AM,data/value

1630644969940,185,09/03/2021 10:26 AM,data/value

1630644972825,151,09/03/2021 10:26 AM,data/value

1630644975883,210,09/03/2021 10:26 AM,data/value

1630644980486,356,09/03/2021 10:26 AM,data/value

1630644985403,430,09/03/2021 10:26 AM,data/value

1630644990535,329,09/03/2021 10:26 AM,data/value

1630644995375,292,09/03/2021 10:26 AM,data/value

1630644998353,228,09/03/2021 10:26 AM,data/value

1630645001486,251,09/03/2021 10:26 AM,data/value

1630645005863,408,09/03/2021 10:26 AM,data/value

1630645010912,451,09/03/2021 10:26 AM,data/value

1630645015918,304,09/03/2021 10:26 AM,data/value

1630645020936,153,09/03/2021 10:27 AM,data/value

1630645023916,124,09/03/2021 10:27 AM,data/value

1630645026886,178,09/03/2021 10:27 AM,data/value

1630645031277,307,09/03/2021 10:27 AM,data/value

1630645036705,363,09/03/2021 10:27 AM,data/value

1630645041317,231,09/03/2021 10:27 AM,data/value

1630645046330,212,09/03/2021 10:27 AM,data/value

1630645049407,204,09/03/2021 10:27 AM,data/value

1630645052475,232,09/03/2021 10:27 AM,data/value

1630645056817,382,09/03/2021 10:27 AM,data/value

1630645061797,519,09/03/2021 10:27 AM,data/value

1630645066810,540,09/03/2021 10:27 AM,data/value

1630645071799,551,09/03/2021 10:27 AM,data/value

1630645074802,451,09/03/2021 10:27 AM,data/value

1630645077885,343,09/03/2021 10:27 AM,data/value

1630645082375,456,09/03/2021 10:28 AM,data/value

1630645087308,448,09/03/2021 10:28 AM,data/value

1630645092308,228,09/03/2021 10:28 AM,data/value

1630645097326,81,09/03/2021 10:28 AM,data/value

1630645100429,102,09/03/2021 10:28 AM,data/value

1630645103369,181,09/03/2021 10:28 AM,data/value

1630645107893,311,09/03/2021 10:28 AM,data/value

1630645112787,368,09/03/2021 10:28 AM,data/value

1630645117805,239,09/03/2021 10:28 AM,data/value

1630645122934,216,09/03/2021 10:28 AM,data/value

1630645125814,208,09/03/2021 10:28 AM,data/value

1630645128781,266,09/03/2021 10:28 AM,data/value

1630645133268,407,09/03/2021 10:28 AM,data/value

1630645138272,466,09/03/2021 10:28 AM,data/value

1630645143406,429,09/03/2021 10:29 AM,data/value

1630645148407,489,09/03/2021 10:29 AM,data/value

1630645151281,438,09/03/2021 10:29 AM,data/value

1630645154375,374,09/03/2021 10:29 AM,data/value

1630645158880,494,09/03/2021 10:29 AM,data/value

1630645163745,543,09/03/2021 10:29 AM,data/value

1630645169158,528,09/03/2021 10:29 AM,data/value

1630645173743,538,09/03/2021 10:29 AM,data/value

1630645176659,442,09/03/2021 10:29 AM,data/value

1630645179660,353,09/03/2021 10:29 AM,data/value

1630645184228,471,09/03/2021 10:29 AM,data/value

1630645189589,502,09/03/2021 10:29 AM,data/value

1630645194321,444,09/03/2021 10:29 AM,data/value

1630645199188,439,09/03/2021 10:29 AM,data/value

1630645202192,370,09/03/2021 10:30 AM,data/value

1630645205152,325,09/03/2021 10:30 AM,data/value

1630645209717,455,09/03/2021 10:30 AM,data/value

1630645214709,491,09/03/2021 10:30 AM,data/value

1630645219808,438,09/03/2021 10:30 AM,data/value

1630645224711,430,09/03/2021 10:30 AM,data/value

1630645227618,362,09/03/2021 10:30 AM,data/value

1630645230623,320,09/03/2021 10:30 AM,data/value

1630645235268,442,09/03/2021 10:30 AM,data/value

1630645240173,477,09/03/2021 10:30 AM,data/value

1630645245293,416,09/03/2021 10:30 AM,data/value

1630645250209,405,09/03/2021 10:30 AM,data/value

1630645253300,320,09/03/2021 10:30 AM,data/value

1630645256251,256,09/03/2021 10:30 AM,data/value

1630645260659,323,09/03/2021 10:31 AM,data/value

1630645265788,320,09/03/2021 10:31 AM,data/value

1630645270630,154,09/03/2021 10:31 AM,data/value

1630645275674,111,09/03/2021 10:31 AM,data/value

1630645278694,131,09/03/2021 10:31 AM,data/value

1630645282175,200,09/03/2021 10:31 AM,data/value

1630645286066,319,09/03/2021 10:31 AM,data/value

1630645291124,373,09/03/2021 10:31 AM,data/value

1630645296113,356,09/03/2021 10:31 AM,data/value

1630645301056,515,09/03/2021 10:31 AM,data/value

1630645304147,455,09/03/2021 10:31 AM,data/value

1630645307153,373,09/03/2021 10:31 AM,data/value

1630645311608,479,09/03/2021 10:31 AM,data/value

1630645316618,495,09/03/2021 10:31 AM,data/value

1630645321601,410,09/03/2021 10:32 AM,data/value

1630645326607,127,09/03/2021 10:32 AM,data/value

1630645329574,104,09/03/2021 10:32 AM,data/value

1630645332751,180,09/03/2021 10:32 AM,data/value

1630645337160,311,09/03/2021 10:32 AM,data/value

1630645342179,368,09/03/2021 10:32 AM,data/value

1630645347079,308,09/03/2021 10:32 AM,data/value

1630645352078,482,09/03/2021 10:32 AM,data/value

1630645355168,437,09/03/2021 10:32 AM,data/value

1630645358123,372,09/03/2021 10:32 AM,data/value

1630645362595,488,09/03/2021 10:32 AM,data/value

1630645367675,519,09/03/2021 10:32 AM,data/value

1630645372554,442,09/03/2021 10:32 AM,data/value

1630645377491,383,09/03/2021 10:32 AM,data/value

1630645380515,272,09/03/2021 10:33 AM,data/value

1630645383500,183,09/03/2021 10:33 AM,data/value

1630645387993,291,09/03/2021 10:33 AM,data/value

1630645393057,329,09/03/2021 10:33 AM,data/value

1630645397974,215,09/03/2021 10:33 AM,data/value

1630645402990,377,09/03/2021 10:33 AM,data/value

1630645406282,390,09/03/2021 10:33 AM,data/value

1630645409033,364,09/03/2021 10:33 AM,data/value

1630645413555,442,09/03/2021 10:33 AM,data/value

1630645418582,325,09/03/2021 10:33 AM,data/value

1630645423590,174,09/03/2021 10:33 AM,data/value

1630645428603,196,09/03/2021 10:33 AM,data/value

1630645431464,196,09/03/2021 10:33 AM,data/value

1630645434531,315,09/03/2021 10:33 AM,data/value

1630645439035,486,09/03/2021 10:33 AM,data/value

1630645443950,539,09/03/2021 10:34 AM,data/value

1630645448963,511,09/03/2021 10:34 AM,data/value

1630645453985,490,09/03/2021 10:34 AM,data/value

1630645457383,406,09/03/2021 10:34 AM,data/value

1630645460027,329,09/03/2021 10:34 AM,data/value

1630645464538,421,09/03/2021 10:34 AM,data/value

1630645469562,341,09/03/2021 10:34 AM,data/value

1630645474467,152,09/03/2021 10:34 AM,data/value

1630645479432,144,09/03/2021 10:34 AM,data/value

1630645482778,159,09/03/2021 10:34 AM,data/value

1630645485529,234,09/03/2021 10:34 AM,data/value

1630645489974,486,09/03/2021 10:34 AM,data/value

1630645495052,528,09/03/2021 10:34 AM,data/value

1630645499964,412,09/03/2021 10:34 AM,data/value

1630645504981,80,09/03/2021 10:35 AM,data/value

1630645508226,108,09/03/2021 10:35 AM,data/value

1630645510930,221,09/03/2021 10:35 AM,data/value

1630645515540,485,09/03/2021 10:35 AM,data/value

1630645520457,506,09/03/2021 10:35 AM,data/value

1630645525376,175,09/03/2021 10:35 AM,data/value

1630645530372,151,09/03/2021 10:35 AM,data/value

1630645533449,170,09/03/2021 10:35 AM,data/value

1630645536383,364,09/03/2021 10:35 AM,data/value

1630645540880,467,09/03/2021 10:35 AM,data/value

1630645545941,337,09/03/2021 10:35 AM,data/value

1630645550925,213,09/03/2021 10:35 AM,data/value

1630645555851,533,09/03/2021 10:35 AM,data/value

1630645559761,462,09/03/2021 10:35 AM,data/value

1630645561934,330,09/03/2021 10:36 AM,data/value

1630645566537,292,09/03/2021 10:36 AM,data/value

1630645571438,363,09/03/2021 10:36 AM,data/value

1630645576354,525,09/03/2021 10:36 AM,data/value

1630645581372,456,09/03/2021 10:36 AM,data/value

1630645584652,376,09/03/2021 10:36 AM,data/value

1630645587636,174,09/03/2021 10:36 AM,data/value

1630645591926,314,09/03/2021 10:36 AM,data/value

1630645596818,518,09/03/2021 10:36 AM,data/value

1630645601854,466,09/03/2021 10:36 AM,data/value

1630645606971,140,09/03/2021 10:36 AM,data/value

1630645609858,101,09/03/2021 10:36 AM,data/value

1630645612910,206,09/03/2021 10:36 AM,data/value

1630645617313,457,09/03/2021 10:36 AM,data/value

1630645622338,500,09/03/2021 10:37 AM,data/value

1630645627349,138,09/03/2021 10:37 AM,data/value

1630645632366,180,09/03/2021 10:37 AM,data/value

1630645635444,190,09/03/2021 10:37 AM,data/value

1630645638729,370,09/03/2021 10:37 AM,data/value

1630645642795,459,09/03/2021 10:37 AM,data/value

1630645648136,431,09/03/2021 10:37 AM,data/value

1630645652847,140,09/03/2021 10:37 AM,data/value

1630645657864,154,09/03/2021 10:37 AM,data/value

1630645660930,170,09/03/2021 10:37 AM,data/value

1630645663906,339,09/03/2021 10:37 AM,data/value

1630645668411,465,09/03/2021 10:37 AM,data/value

1630645673326,392,09/03/2021 10:37 AM,data/value

1630645678344,155,09/03/2021 10:37 AM,data/value

1630645683277,201,09/03/2021 10:38 AM,data/value

1630645686331,205,09/03/2021 10:38 AM,data/value

1630645689416,369,09/03/2021 10:38 AM,data/value

1630645693822,439,09/03/2021 10:38 AM,data/value

1630645698824,315,09/03/2021 10:38 AM,data/value

1630645703955,242,09/03/2021 10:38 AM,data/value

1630645708757,536,09/03/2021 10:38 AM,data/value

1630645712005,448,09/03/2021 10:38 AM,data/value

1630645714770,279,09/03/2021 10:38 AM,data/value

1630645719219,285,09/03/2021 10:38 AM,data/value

1630645724335,409,09/03/2021 10:38 AM,data/value

1630645729246,511,09/03/2021 10:38 AM,data/value

1630645734387,413,09/03/2021 10:38 AM,data/value

1630645737224,344,09/03/2021 10:38 AM,data/value

1630645740247,171,09/03/2021 10:39 AM,data/value

1630645744708,306,09/03/2021 10:39 AM,data/value

1630645749939,434,09/03/2021 10:39 AM,data/value

1630645755145,516,09/03/2021 10:39 AM,data/value

1630645759752,466,09/03/2021 10:39 AM,data/value

1630645762722,387,09/03/2021 10:39 AM,data/value

1630645765698,246,09/03/2021 10:39 AM,data/value

1630645770197,282,09/03/2021 10:39 AM,data/value

1630645775217,353,09/03/2021 10:39 AM,data/value

1630645780227,490,09/03/2021 10:39 AM,data/value

1630645785249,496,09/03/2021 10:39 AM,data/value

1630645788237,404,09/03/2021 10:39 AM,data/value

1630645791291,253,09/03/2021 10:39 AM,data/value

1630645795808,282,09/03/2021 10:39 AM,data/value

1630645800660,346,09/03/2021 10:40 AM,data/value

1630645805751,366,09/03/2021 10:40 AM,data/value

1630645810747,535,09/03/2021 10:40 AM,data/value

1630645813652,450,09/03/2021 10:40 AM,data/value

1630645816691,333,09/03/2021 10:40 AM,data/value

1630645821181,376,09/03/2021 10:40 AM,data/value

1630645826137,304,09/03/2021 10:40 AM,data/value

1630645831160,176,09/03/2021 10:40 AM,data/value

1630645836156,196,09/03/2021 10:40 AM,data/value

1630645839317,200,09/03/2021 10:40 AM,data/value

1630645842187,360,09/03/2021 10:40 AM,data/value

1630645846690,470,09/03/2021 10:40 AM,data/value

1630645851810,476,09/03/2021 10:40 AM,data/value

1630645856622,333,09/03/2021 10:40 AM,data/value

1630645861610,62,09/03/2021 10:41 AM,data/value

1630645864622,93,09/03/2021 10:41 AM,data/value

1630645867681,188,09/03/2021 10:41 AM,data/value

1630645872096,309,09/03/2021 10:41 AM,data/value

1630645877123,435,09/03/2021 10:41 AM,data/value

1630645882121,510,09/03/2021 10:41 AM,data/value

1630645887143,476,09/03/2021 10:41 AM,data/value

1630645890210,393,09/03/2021 10:41 AM,data/value

1630645893104,305,09/03/2021 10:41 AM,data/value

1630645897583,283,09/03/2021 10:41 AM,data/value

1630645902600,311,09/03/2021 10:41 AM,data/value

1630645907618,230,09/03/2021 10:41 AM,data/value

1630645912638,458,09/03/2021 10:41 AM,data/value

1630645915708,432,09/03/2021 10:41 AM,data/value

1630645918677,364,09/03/2021 10:41 AM,data/value

1630645923195,432,09/03/2021 10:42 AM,data/value

1630645928099,317,09/03/2021 10:42 AM,data/value

1630645933115,170,09/03/2021 10:42 AM,data/value

1630645938049,209,09/03/2021 10:42 AM,data/value

1630645941107,227,09/03/2021 10:42 AM,data/value

1630645944078,368,09/03/2021 10:42 AM,data/value

1630645948536,465,09/03/2021 10:42 AM,data/value

1630645953611,476,09/03/2021 10:42 AM,data/value

1630645958531,407,09/03/2021 10:42 AM,data/value

1630645963580,262,09/03/2021 10:42 AM,data/value

1630645966610,190,09/03/2021 10:42 AM,data/value

1630645969582,170,09/03/2021 10:42 AM,data/value

1630645974019,282,09/03/2021 10:42 AM,data/value

1630645979021,344,09/03/2021 10:42 AM,data/value

1630645984013,295,09/03/2021 10:43 AM,data/value

1630645989026,536,09/03/2021 10:43 AM,data/value

1630645992098,452,09/03/2021 10:43 AM,data/value

1630645995068,362,09/03/2021 10:43 AM,data/value

1630645999682,444,09/03/2021 10:43 AM,data/value

1630646004495,455,09/03/2021 10:43 AM,data/value

1630646009494,185,09/03/2021 10:43 AM,data/value

1630646014506,83,09/03/2021 10:43 AM,data/value

1630646017494,105,09/03/2021 10:43 AM,data/value

1630646020572,195,09/03/2021 10:43 AM,data/value

1630646025173,318,09/03/2021 10:43 AM,data/value

1630646029985,391,09/03/2021 10:43 AM,data/value

1630646035004,490,09/03/2021 10:43 AM,data/value

1630646040020,542,09/03/2021 10:44 AM,data/value

1630646043199,453,09/03/2021 10:44 AM,data/value

1630646046062,346,09/03/2021 10:44 AM,data/value

1630646050569,444,09/03/2021 10:44 AM,data/value

1630646055607,432,09/03/2021 10:44 AM,data/value

1630646060608,147,09/03/2021 10:44 AM,data/value

1630646065521,97,09/03/2021 10:44 AM,data/value

1630646069307,115,09/03/2021 10:44 AM,data/value

1630646071562,206,09/03/2021 10:44 AM,data/value

1630646075964,325,09/03/2021 10:44 AM,data/value

1630646080983,479,09/03/2021 10:44 AM,data/value

1630646085999,522,09/03/2021 10:44 AM,data/value

1630646090928,495,09/03/2021 10:44 AM,data/value

1630646094416,404,09/03/2021 10:44 AM,data/value

1630646096936,300,09/03/2021 10:44 AM,data/value

1630646101443,285,09/03/2021 10:45 AM,data/value

1630646106412,359,09/03/2021 10:45 AM,data/value

1630646111432,523,09/03/2021 10:45 AM,data/value

1630646116403,436,09/03/2021 10:45 AM,data/value

1630646119414,358,09/03/2021 10:45 AM,data/value

1630646122454,177,09/03/2021 10:45 AM,data/value

1630646126897,335,09/03/2021 10:45 AM,data/value

1630646131976,524,09/03/2021 10:45 AM,data/value

1630646136938,368,09/03/2021 10:45 AM,data/value

1630646142026,92,09/03/2021 10:45 AM,data/value

1630646144995,112,09/03/2021 10:45 AM,data/value

1630646147906,219,09/03/2021 10:45 AM,data/value

1630646152466,463,09/03/2021 10:45 AM,data/value

1630646157577,521,09/03/2021 10:45 AM,data/value

1630646162419,412,09/03/2021 10:46 AM,data/value

1630646167425,86,09/03/2021 10:46 AM,data/value

1630646170380,109,09/03/2021 10:46 AM,data/value

1630646173555,223,09/03/2021 10:46 AM,data/value

1630646178067,475,09/03/2021 10:46 AM,data/value

1630646182881,494,09/03/2021 10:46 AM,data/value

1630646187890,196,09/03/2021 10:46 AM,data/value

1630646192927,144,09/03/2021 10:46 AM,data/value

1630646195917,162,09/03/2021 10:46 AM,data/value

1630646198947,350,09/03/2021 10:46 AM,data/value

1630646203437,461,09/03/2021 10:46 AM,data/value

1630646208378,386,09/03/2021 10:46 AM,data/value

1630646213386,156,09/03/2021 10:46 AM,data/value

1630646218468,208,09/03/2021 10:46 AM,data/value

1630646221475,224,09/03/2021 10:47 AM,data/value

1630646224383,367,09/03/2021 10:47 AM,data/value

1630646228848,440,09/03/2021 10:47 AM,data/value

1630646233968,315,09/03/2021 10:47 AM,data/value

1630646238911,193,09/03/2021 10:47 AM,data/value

1630646243901,413,09/03/2021 10:47 AM,data/value

1630646246972,419,09/03/2021 10:47 AM,data/value

1630646249943,353,09/03/2021 10:47 AM,data/value

1630646254314,425,09/03/2021 10:47 AM,data/value

1630646259517,303,09/03/2021 10:47 AM,data/value

1630646264371,165,09/03/2021 10:47 AM,data/value

1630646269296,194,09/03/2021 10:47 AM,data/value

1630646272295,194,09/03/2021 10:47 AM,data/value

1630646275320,356,09/03/2021 10:47 AM,data/value

1630646279843,465,09/03/2021 10:47 AM,data/value

1630646284860,463,09/03/2021 10:48 AM,data/value

1630646289835,174,09/03/2021 10:48 AM,data/value

1630646294903,129,09/03/2021 10:48 AM,data/value

1630646297865,153,09/03/2021 10:48 AM,data/value

1630646300834,330,09/03/2021 10:48 AM,data/value

1630646305450,448,09/03/2021 10:48 AM,data/value

1630646310407,318,09/03/2021 10:48 AM,data/value

1630646315274,216,09/03/2021 10:48 AM,data/value

1630646320292,536,09/03/2021 10:48 AM,data/value

1630646323280,447,09/03/2021 10:48 AM,data/value

1630646326331,275,09/03/2021 10:48 AM,data/value

1630646330738,274,09/03/2021 10:48 AM,data/value

1630646335754,355,09/03/2021 10:48 AM,data/value

1630646340771,511,09/03/2021 10:49 AM,data/value

1630646345790,459,09/03/2021 10:49 AM,data/value

1630646348758,377,09/03/2021 10:49 AM,data/value

1630646351782,234,09/03/2021 10:49 AM,data/value

1630646356249,270,09/03/2021 10:49 AM,data/value

1630646361214,333,09/03/2021 10:49 AM,data/value

1630646366232,471,09/03/2021 10:49 AM,data/value

1630646371606,493,09/03/2021 10:49 AM,data/value

1630646374235,399,09/03/2021 10:49 AM,data/value

1630646377226,236,09/03/2021 10:49 AM,data/value

1630646381740,270,09/03/2021 10:49 AM,data/value

1630646386836,337,09/03/2021 10:49 AM,data/value

1630646391868,412,09/03/2021 10:49 AM,data/value

1630646396799,529,09/03/2021 10:49 AM,data/value

1630646399754,442,09/03/2021 10:49 AM,data/value

1630646402834,319,09/03/2021 10:50 AM,data/value

1630646407229,306,09/03/2021 10:50 AM,data/value

1630646412188,302,09/03/2021 10:50 AM,data/value

1630646417264,223,09/03/2021 10:50 AM,data/value

1630646422293,363,09/03/2021 10:50 AM,data/value

1630646425269,370,09/03/2021 10:50 AM,data/value

1630646428220,364,09/03/2021 10:50 AM,data/value

1630646432931,445,09/03/2021 10:50 AM,data/value

1630646438062,447,09/03/2021 10:50 AM,data/value

1630646442659,171,09/03/2021 10:50 AM,data/value

1630646447779,89,09/03/2021 10:50 AM,data/value

1630646450750,109,09/03/2021 10:50 AM,data/value

1630646453681,198,09/03/2021 10:50 AM,data/value

1630646458145,307,09/03/2021 10:50 AM,data/value

1630646463242,409,09/03/2021 10:51 AM,data/value

1630646468169,513,09/03/2021 10:51 AM,data/value

1630646473176,534,09/03/2021 10:51 AM,data/value

1630646476144,447,09/03/2021 10:51 AM,data/value

1630646479220,335,09/03/2021 10:51 AM,data/value

1630646484132,413,09/03/2021 10:51 AM,data/value

1630646489011,296,09/03/2021 10:51 AM,data/value

1630646493962,168,09/03/2021 10:51 AM,data/value

1630646498879,202,09/03/2021 10:51 AM,data/value

1630646501642,201,09/03/2021 10:51 AM,data/value

1630646504714,340,09/03/2021 10:51 AM,data/value

1630646509096,462,09/03/2021 10:51 AM,data/value

1630646514135,503,09/03/2021 10:51 AM,data/value

1630646519256,454,09/03/2021 10:51 AM,data/value

1630646525298,411,09/03/2021 10:52 AM,data/value

1630646527242,344,09/03/2021 10:52 AM,data/value

1630646530129,204,09/03/2021 10:52 AM,data/value

1630646535134,270,09/03/2021 10:52 AM,data/value

1630646540042,315,09/03/2021 10:52 AM,data/value

1630646545180,222,09/03/2021 10:52 AM,data/value

1630646549670,266,09/03/2021 10:52 AM,data/value

1630646552637,305,09/03/2021 10:52 AM,data/value

1630646555607,366,09/03/2021 10:52 AM,data/value

1630646560112,445,09/03/2021 10:52 AM,data/value

1630646565130,417,09/03/2021 10:52 AM,data/value

1630646570054,140,09/03/2021 10:52 AM,data/value

1630664377703,374,09/03/2021 3:49 PM,data/value

1630664382692,149,09/03/2021 3:49 PM,data/value

1630664387812,301,09/03/2021 3:49 PM,data/value

1630664392726,307,09/03/2021 3:49 PM,data/value

1630664397850,129,09/03/2021 3:49 PM,data/value

1630664402867,124,09/03/2021 3:50 PM,data/value

1630664405732,155,09/03/2021 3:50 PM,data/value

1630664408701,301,09/03/2021 3:50 PM,data/value

1630664413308,170,09/03/2021 3:50 PM,data/value

1630664418223,223,09/03/2021 3:50 PM,data/value

1630664423344,370,09/03/2021 3:50 PM,data/value

1630664428261,100,09/03/2021 3:50 PM,data/value

1630664431228,110,09/03/2021 3:50 PM,data/value

1630664434198,247,09/03/2021 3:50 PM,data/value

1630664438703,314,09/03/2021 3:50 PM,data/value

1630664443722,183,09/03/2021 3:50 PM,data/value

1630664448947,172,09/03/2021 3:50 PM,data/value

1630664813409,378,09/03/2021 3:56 PM,data/value

1630664813418,337,09/03/2021 3:56 PM,data/value

1630664813418,180,09/03/2021 3:56 PM,data/value

1630664813418,267,09/03/2021 3:56 PM,data/value

1630664813418,323,09/03/2021 3:56 PM,data/value

1630664813418,143,09/03/2021 3:56 PM,data/value

1630664813418,233,09/03/2021 3:56 PM,data/value

1630664813418,233,09/03/2021 3:56 PM,data/value

1630664813418,308,09/03/2021 3:56 PM,data/value

1630664813418,184,09/03/2021 3:56 PM,data/value

1630664813419,177,09/03/2021 3:56 PM,data/value

1630664813419,308,09/03/2021 3:56 PM,data/value

1630664813419,397,09/03/2021 3:56 PM,data/value

1630664813419,346,09/03/2021 3:56 PM,data/value

1630664813419,180,09/03/2021 3:56 PM,data/value

1630664813419,211,09/03/2021 3:56 PM,data/value

1630664813419,332,09/03/2021 3:56 PM,data/value

1630664813419,259,09/03/2021 3:56 PM,data/value

1630664813427,63,09/03/2021 3:56 PM,data/value

1630664813427,84,09/03/2021 3:56 PM,data/value

1630664813427,227,09/03/2021 3:56 PM,data/value

1630664813427,339,09/03/2021 3:56 PM,data/value

1630664813427,251,09/03/2021 3:56 PM,data/value

1630664813427,118,09/03/2021 3:56 PM,data/value

1630664813427,145,09/03/2021 3:56 PM,data/value

1630664813427,158,09/03/2021 3:56 PM,data/value

1630664813427,272,09/03/2021 3:56 PM,data/value

1630664813427,330,09/03/2021 3:56 PM,data/value

1630664813427,340,09/03/2021 3:56 PM,data/value

1630664813427,369,09/03/2021 3:56 PM,data/value

1630664813427,389,09/03/2021 3:56 PM,data/value

1630664813427,346,09/03/2021 3:56 PM,data/value

1630664813427,316,09/03/2021 3:56 PM,data/value

1630664813427,251,09/03/2021 3:56 PM,data/value

1630664813428,217,09/03/2021 3:56 PM,data/value

1630664813432,154,09/03/2021 3:56 PM,data/value

1630664813432,51,09/03/2021 3:56 PM,data/value

1630664813433,82,09/03/2021 3:56 PM,data/value

1630664813433,154,09/03/2021 3:56 PM,data/value

1630664813433,323,09/03/2021 3:56 PM,data/value

1630664813433,339,09/03/2021 3:56 PM,data/value

1630664813433,367,09/03/2021 3:56 PM,data/value

1630664813433,385,09/03/2021 3:56 PM,data/value

1630664813433,339,09/03/2021 3:56 PM,data/value

1630664813433,315,09/03/2021 3:56 PM,data/value

1630664813433,331,09/03/2021 3:56 PM,data/value

1630664813433,278,09/03/2021 3:56 PM,data/value

1630664813433,185,09/03/2021 3:56 PM,data/value

1630664813433,111,09/03/2021 3:56 PM,data/value

1630664813445,129,09/03/2021 3:56 PM,data/value

1630664813445,160,09/03/2021 3:56 PM,data/value

1630664813445,195,09/03/2021 3:56 PM,data/value

1630664813445,293,09/03/2021 3:56 PM,data/value

1630664813445,328,09/03/2021 3:56 PM,data/value

1630664813446,398,09/03/2021 3:56 PM,data/value

1630664813446,356,09/03/2021 3:56 PM,data/value

1630664813446,231,09/03/2021 3:56 PM,data/value

1630664813446,193,09/03/2021 3:56 PM,data/value

1630664813446,214,09/03/2021 3:56 PM,data/value

1630664813446,317,09/03/2021 3:56 PM,data/value

1630664813446,387,09/03/2021 3:56 PM,data/value

1630664813446,343,09/03/2021 3:56 PM,data/value

1630664813446,298,09/03/2021 3:56 PM,data/value

1630664813446,202,09/03/2021 3:56 PM,data/value

1630664813446,207,09/03/2021 3:56 PM,data/value

1630664813447,333,09/03/2021 3:56 PM,data/value

1630664813460,403,09/03/2021 3:56 PM,data/value

1630664813460,349,09/03/2021 3:56 PM,data/value

1630664813460,175,09/03/2021 3:56 PM,data/value

1630664813460,256,09/03/2021 3:56 PM,data/value

1630664813460,358,09/03/2021 3:56 PM,data/value

1630664813460,412,09/03/2021 3:56 PM,data/value

1630664813460,168,09/03/2021 3:56 PM,data/value

1630664813460,174,09/03/2021 3:56 PM,data/value

1630664813460,176,09/03/2021 3:56 PM,data/value

1630664813460,203,09/03/2021 3:56 PM,data/value

1630664813460,281,09/03/2021 3:56 PM,data/value

1630664813460,308,09/03/2021 3:56 PM,data/value

1630664813460,315,09/03/2021 3:56 PM,data/value

1630664813460,285,09/03/2021 3:56 PM,data/value

1630664813460,304,09/03/2021 3:56 PM,data/value

1630664813460,363,09/03/2021 3:56 PM,data/value

1630664813460,367,09/03/2021 3:56 PM,data/value

1630664813466,273,09/03/2021 3:56 PM,data/value

1630664813466,148,09/03/2021 3:56 PM,data/value

1630664813466,158,09/03/2021 3:56 PM,data/value

1630664816458,181,09/03/2021 3:56 PM,data/value

1630664820864,200,09/03/2021 3:57 PM,data/value

1630664825878,223,09/03/2021 3:57 PM,data/value

1630664830895,230,09/03/2021 3:57 PM,data/value

1630664835914,313,09/03/2021 3:57 PM,data/value

1630664838986,283,09/03/2021 3:57 PM,data/value

1630664842163,309,09/03/2021 3:57 PM,data/value

1630664846358,358,09/03/2021 3:57 PM,data/value

1630664851582,334,09/03/2021 3:57 PM,data/value

1630664856395,208,09/03/2021 3:57 PM,data/value

1630664861411,160,09/03/2021 3:57 PM,data/value

1630664864892,170,09/03/2021 3:57 PM,data/value

1630664867559,199,09/03/2021 3:57 PM,data/value

1630664871856,213,09/03/2021 3:57 PM,data/value

1630664876882,225,09/03/2021 3:57 PM,data/value

1630664881891,115,09/03/2021 3:58 PM,data/value

1630664886806,299,09/03/2021 3:58 PM,data/value

1630664889880,273,09/03/2021 3:58 PM,data/value

1630664892851,302,09/03/2021 3:58 PM,data/value

1630664897456,375,09/03/2021 3:58 PM,data/value

1630664902373,393,09/03/2021 3:58 PM,data/value

1630664907389,410,09/03/2021 3:58 PM,data/value

1630664912304,409,09/03/2021 3:58 PM,data/value

1630664915376,358,09/03/2021 3:58 PM,data/value

1630664918346,326,09/03/2021 3:58 PM,data/value

1630664922850,380,09/03/2021 3:58 PM,data/value

1630664927869,398,09/03/2021 3:58 PM,data/value

1630664932788,427,09/03/2021 3:58 PM,data/value

1630664937907,441,09/03/2021 3:58 PM,data/value

1630664940772,383,09/03/2021 3:59 PM,data/value

1630664943844,329,09/03/2021 3:59 PM,data/value

1630664948349,331,09/03/2021 3:59 PM,data/value

1630664953369,312,09/03/2021 3:59 PM,data/value

1630664958283,212,09/03/2021 3:59 PM,data/value

1630664963402,153,09/03/2021 3:59 PM,data/value

1630664966270,160,09/03/2021 3:59 PM,data/value

1630664969648,191,09/03/2021 3:59 PM,data/value

1630664974461,220,09/03/2021 3:59 PM,data/value

1630664978762,235,09/03/2021 3:59 PM,data/value

1630664983779,113,09/03/2021 3:59 PM,data/value

1630664988803,42,09/03/2021 3:59 PM,data/value

1630664991766,74,09/03/2021 3:59 PM,data/value

1630664994737,155,09/03/2021 3:59 PM,data/value

1630664999240,233,09/03/2021 3:59 PM,data/value

1630665004260,261,09/03/2021 4:00 PM,data/value

